../Core/Src/ESP8266.c:54:9:ESP_Init	40	static
../Core/Src/ESP8266.c:120:6:sendCommand	24	static
../Core/Src/ESP8266.c:125:6:waitForInput	40	static
../Core/Src/ESP8266.c:155:9:serverSend	56	static
../Core/Src/ESP8266.c:190:6:ESP_CheckPendingData	8	static
../Core/Src/ESP8266.c:195:6:ESP_ProcessInput	8	static
../Core/Src/ESP8266.c:203:6:processIPD	40	static
../Core/Src/ESP8266.c:234:6:serviceDHT	64	static
../Core/Src/ESP8266.c:253:10:receiveDataUntil	40	static
../Core/Src/ESP8266.c:283:6:ESP_UART_IRQHandler	16	static
