../Drivers/CMSIS/Include/core_cm3.h:1876:26:ITM_SendChar	16	static,ignoring_inline_asm
../Core/Src/ESP8266.c:62:9:ESP_Init	40	static
../Core/Src/ESP8266.c:133:6:sendCommand	24	static
../Core/Src/ESP8266.c:138:6:waitForInput	40	static
../Core/Src/ESP8266.c:168:9:serverSend	56	static
../Core/Src/ESP8266.c:206:6:ESP_CheckPendingData	8	static
../Core/Src/ESP8266.c:211:6:ESP_ProcessInput	8	static
../Core/Src/ESP8266.c:219:6:processIPD	40	static
../Core/Src/ESP8266.c:250:6:serviceDHT	64	static
../Core/Src/ESP8266.c:269:10:receiveDataUntil	40	static
../Core/Src/ESP8266.c:299:6:ESP_UART_IRQHandler	16	static
